<?xml version="1.0" encoding="UTF-8"?>
<testsuites>
  <testsuite name="/var/www/html/phpunit.xml" tests="44" assertions="99" errors="3" failures="8" skipped="0" time="8.756733">
    <testsuite name="Unit" tests="6" assertions="8" errors="0" failures="0" skipped="0" time="2.315015">
      <testsuite name="Tests\Unit\ExampleTest" file="/var/www/html/tests/Unit/ExampleTest.php" tests="1" assertions="1" errors="0" failures="0" skipped="0" time="0.001658">
        <testcase name="test_that_true_is_true" file="/var/www/html/tests/Unit/ExampleTest.php" line="12" class="Tests\Unit\ExampleTest" classname="Tests.Unit.ExampleTest" assertions="1" time="0.001658"/>
      </testsuite>
      <testsuite name="Tests\Unit\SystemConfigurationDateTest" file="/var/www/html/tests/Unit/SystemConfigurationDateTest.php" tests="1" assertions="3" errors="0" failures="0" skipped="0" time="0.216414">
        <testcase name="test_registrations_open_on_day_before_and_on_end_date_and_closed_after" file="/var/www/html/tests/Unit/SystemConfigurationDateTest.php" line="11" class="Tests\Unit\SystemConfigurationDateTest" classname="Tests.Unit.SystemConfigurationDateTest" assertions="3" time="0.216414"/>
      </testsuite>
      <testsuite name="Tests\Unit\SystemConfigurationTest" file="/var/www/html/tests/Unit/SystemConfigurationTest.php" tests="4" assertions="4" errors="0" failures="0" skipped="0" time="2.096943">
        <testcase name="test_registrations_are_open_when_no_dates_defined" file="/var/www/html/tests/Unit/SystemConfigurationTest.php" line="13" class="Tests\Unit\SystemConfigurationTest" classname="Tests.Unit.SystemConfigurationTest" assertions="1" time="1.937078"/>
        <testcase name="test_registrations_are_closed_before_start_date" file="/var/www/html/tests/Unit/SystemConfigurationTest.php" line="23" class="Tests\Unit\SystemConfigurationTest" classname="Tests.Unit.SystemConfigurationTest" assertions="1" time="0.054039"/>
        <testcase name="test_registrations_are_closed_after_end_date" file="/var/www/html/tests/Unit/SystemConfigurationTest.php" line="33" class="Tests\Unit\SystemConfigurationTest" classname="Tests.Unit.SystemConfigurationTest" assertions="1" time="0.052217"/>
        <testcase name="test_registrations_are_open_within_range" file="/var/www/html/tests/Unit/SystemConfigurationTest.php" line="43" class="Tests\Unit\SystemConfigurationTest" classname="Tests.Unit.SystemConfigurationTest" assertions="1" time="0.053609"/>
      </testsuite>
    </testsuite>
    <testsuite name="Feature" tests="38" assertions="91" errors="3" failures="8" skipped="0" time="6.441718">
      <testsuite name="Tests\Feature\Auth\AuthenticationTest" file="/var/www/html/tests/Feature/Auth/AuthenticationTest.php" tests="4" assertions="9" errors="1" failures="0" skipped="0" time="1.771850">
        <testcase name="test_login_screen_can_be_rendered" file="/var/www/html/tests/Feature/Auth/AuthenticationTest.php" line="14" class="Tests\Feature\Auth\AuthenticationTest" classname="Tests.Feature.Auth.AuthenticationTest" assertions="1" time="0.115821"/>
        <testcase name="test_users_can_authenticate_using_the_login_screen" file="/var/www/html/tests/Feature/Auth/AuthenticationTest.php" line="21" class="Tests\Feature\Auth\AuthenticationTest" classname="Tests.Feature.Auth.AuthenticationTest" assertions="1" time="1.258107">
          <error type="Symfony\Component\Routing\Exception\RouteNotFoundException">Tests\Feature\Auth\AuthenticationTest::test_users_can_authenticate_using_the_login_screen
Symfony\Component\Routing\Exception\RouteNotFoundException: Route [dashboard] not defined.

/var/www/html/vendor/laravel/framework/src/Illuminate/Routing/UrlGenerator.php:528
/var/www/html/vendor/laravel/framework/src/Illuminate/Foundation/helpers.php:870
/var/www/html/tests/Feature/Auth/AuthenticationTest.php:32</error>
        </testcase>
        <testcase name="test_users_can_not_authenticate_with_invalid_password" file="/var/www/html/tests/Feature/Auth/AuthenticationTest.php" line="37" class="Tests\Feature\Auth\AuthenticationTest" classname="Tests.Feature.Auth.AuthenticationTest" assertions="4" time="0.334738"/>
        <testcase name="test_users_can_logout" file="/var/www/html/tests/Feature/Auth/AuthenticationTest.php" line="51" class="Tests\Feature\Auth\AuthenticationTest" classname="Tests.Feature.Auth.AuthenticationTest" assertions="3" time="0.063184"/>
      </testsuite>
      <testsuite name="Tests\Feature\Auth\EmailVerificationTest" file="/var/www/html/tests/Feature/Auth/EmailVerificationTest.php" tests="3" assertions="4" errors="1" failures="1" skipped="0" time="0.488262">
        <testcase name="test_email_verification_screen_can_be_rendered" file="/var/www/html/tests/Feature/Auth/EmailVerificationTest.php" line="16" class="Tests\Feature\Auth\EmailVerificationTest" classname="Tests.Feature.Auth.EmailVerificationTest" assertions="1" time="0.069462">
          <failure type="PHPUnit\Framework\ExpectationFailedException">Tests\Feature\Auth\EmailVerificationTest::test_email_verification_screen_can_be_rendered
Expected response status code [200] but received 404.
Failed asserting that 404 is identical to 200.

/var/www/html/vendor/laravel/framework/src/Illuminate/Testing/TestResponseAssert.php:45
/var/www/html/vendor/laravel/framework/src/Illuminate/Testing/TestResponse.php:174
/var/www/html/tests/Feature/Auth/EmailVerificationTest.php:22</failure>
        </testcase>
        <testcase name="test_email_can_be_verified" file="/var/www/html/tests/Feature/Auth/EmailVerificationTest.php" line="25" class="Tests\Feature\Auth\EmailVerificationTest" classname="Tests.Feature.Auth.EmailVerificationTest" assertions="2" time="0.354948">
          <error type="Symfony\Component\Routing\Exception\RouteNotFoundException">Tests\Feature\Auth\EmailVerificationTest::test_email_can_be_verified
Symfony\Component\Routing\Exception\RouteNotFoundException: Route [dashboard] not defined.

/var/www/html/vendor/laravel/framework/src/Illuminate/Routing/UrlGenerator.php:528
/var/www/html/vendor/laravel/framework/src/Illuminate/Foundation/helpers.php:870
/var/www/html/tests/Feature/Auth/EmailVerificationTest.php:42</error>
        </testcase>
        <testcase name="test_email_is_not_verified_with_invalid_hash" file="/var/www/html/tests/Feature/Auth/EmailVerificationTest.php" line="45" class="Tests\Feature\Auth\EmailVerificationTest" classname="Tests.Feature.Auth.EmailVerificationTest" assertions="1" time="0.063852"/>
      </testsuite>
      <testsuite name="Tests\Feature\Auth\PasswordConfirmationTest" file="/var/www/html/tests/Feature/Auth/PasswordConfirmationTest.php" tests="3" assertions="4" errors="1" failures="1" skipped="0" time="0.470584">
        <testcase name="test_confirm_password_screen_can_be_rendered" file="/var/www/html/tests/Feature/Auth/PasswordConfirmationTest.php" line="14" class="Tests\Feature\Auth\PasswordConfirmationTest" classname="Tests.Feature.Auth.PasswordConfirmationTest" assertions="1" time="0.066394">
          <failure type="PHPUnit\Framework\ExpectationFailedException">Tests\Feature\Auth\PasswordConfirmationTest::test_confirm_password_screen_can_be_rendered
Expected response status code [200] but received 404.
Failed asserting that 404 is identical to 200.

/var/www/html/vendor/laravel/framework/src/Illuminate/Testing/TestResponseAssert.php:45
/var/www/html/vendor/laravel/framework/src/Illuminate/Testing/TestResponse.php:174
/var/www/html/tests/Feature/Auth/PasswordConfirmationTest.php:20</failure>
        </testcase>
        <testcase name="test_password_can_be_confirmed" file="/var/www/html/tests/Feature/Auth/PasswordConfirmationTest.php" line="23" class="Tests\Feature\Auth\PasswordConfirmationTest" classname="Tests.Feature.Auth.PasswordConfirmationTest" assertions="0" time="0.111143">
          <error type="Symfony\Component\Routing\Exception\RouteNotFoundException">Tests\Feature\Auth\PasswordConfirmationTest::test_password_can_be_confirmed
Symfony\Component\Routing\Exception\RouteNotFoundException: Route [dashboard] not defined.

/var/www/html/vendor/laravel/framework/src/Illuminate/Routing/UrlGenerator.php:528
/var/www/html/vendor/laravel/framework/src/Illuminate/Foundation/helpers.php:870
/var/www/html/storage/framework/views/livewire/classes/615ef0d6.php:31
/var/www/html/vendor/laravel/framework/src/Illuminate/Container/BoundMethod.php:36
/var/www/html/vendor/laravel/framework/src/Illuminate/Container/Util.php:43
/var/www/html/vendor/laravel/framework/src/Illuminate/Container/BoundMethod.php:96
/var/www/html/vendor/laravel/framework/src/Illuminate/Container/BoundMethod.php:35
/var/www/html/vendor/livewire/livewire/src/Wrapped.php:23
/var/www/html/vendor/livewire/livewire/src/Mechanisms/HandleComponents/HandleComponents.php:641
/var/www/html/vendor/livewire/livewire/src/Mechanisms/HandleComponents/HandleComponents.php:220
/var/www/html/vendor/livewire/livewire/src/LivewireManager.php:131
/var/www/html/vendor/livewire/volt/src/LivewireManager.php:35
/var/www/html/vendor/livewire/livewire/src/Mechanisms/HandleRequests/HandleRequests.php:156
/var/www/html/vendor/laravel/framework/src/Illuminate/Routing/ControllerDispatcher.php:46
/var/www/html/vendor/laravel/framework/src/Illuminate/Routing/Route.php:265
/var/www/html/vendor/laravel/framework/src/Illuminate/Routing/Route.php:211
/var/www/html/vendor/laravel/framework/src/Illuminate/Routing/Router.php:822
/var/www/html/vendor/laravel/framework/src/Illuminate/Pipeline/Pipeline.php:180
/var/www/html/vendor/laravel/framework/src/Illuminate/Pipeline/Pipeline.php:137
/var/www/html/vendor/laravel/framework/src/Illuminate/Routing/Router.php:821
/var/www/html/vendor/laravel/framework/src/Illuminate/Routing/Router.php:800
/var/www/html/vendor/laravel/framework/src/Illuminate/Routing/Router.php:764
/var/www/html/vendor/laravel/framework/src/Illuminate/Routing/Router.php:753
/var/www/html/vendor/laravel/framework/src/Illuminate/Foundation/Http/Kernel.php:200
/var/www/html/vendor/laravel/framework/src/Illuminate/Pipeline/Pipeline.php:180
/var/www/html/vendor/laravel/framework/src/Illuminate/Pipeline/Pipeline.php:137
/var/www/html/vendor/laravel/framework/src/Illuminate/Foundation/Http/Kernel.php:175
/var/www/html/vendor/laravel/framework/src/Illuminate/Foundation/Http/Kernel.php:144
/var/www/html/vendor/laravel/framework/src/Illuminate/Foundation/Testing/Concerns/MakesHttpRequests.php:607
/var/www/html/vendor/livewire/livewire/src/Features/SupportTesting/SubsequentRender.php:36
/var/www/html/vendor/livewire/livewire/src/Features/SupportTesting/RequestBroker.php:30
/var/www/html/vendor/livewire/livewire/src/Features/SupportTesting/SubsequentRender.php:35
/var/www/html/vendor/livewire/livewire/src/Features/SupportTesting/Render.php:24
/var/www/html/vendor/livewire/livewire/src/Features/SupportTesting/SubsequentRender.php:34
/var/www/html/vendor/livewire/livewire/src/Features/SupportTesting/SubsequentRender.php:16
/var/www/html/vendor/livewire/livewire/src/Features/SupportTesting/Testable.php:260
/var/www/html/vendor/livewire/livewire/src/Features/SupportTesting/Testable.php:227
/var/www/html/tests/Feature/Auth/PasswordConfirmationTest.php:31</error>
        </testcase>
        <testcase name="test_password_is_not_confirmed_with_invalid_password" file="/var/www/html/tests/Feature/Auth/PasswordConfirmationTest.php" line="38" class="Tests\Feature\Auth\PasswordConfirmationTest" classname="Tests.Feature.Auth.PasswordConfirmationTest" assertions="3" time="0.293047"/>
      </testsuite>
      <testsuite name="Tests\Feature\Auth\PasswordResetTest" file="/var/www/html/tests/Feature/Auth/PasswordResetTest.php" tests="4" assertions="7" errors="0" failures="2" skipped="0" time="0.967218">
        <testcase name="test_reset_password_link_screen_can_be_rendered" file="/var/www/html/tests/Feature/Auth/PasswordResetTest.php" line="16" class="Tests\Feature\Auth\PasswordResetTest" classname="Tests.Feature.Auth.PasswordResetTest" assertions="1" time="0.054387">
          <failure type="PHPUnit\Framework\ExpectationFailedException">Tests\Feature\Auth\PasswordResetTest::test_reset_password_link_screen_can_be_rendered
Expected response status code [200] but received 404.
Failed asserting that 404 is identical to 200.

/var/www/html/vendor/laravel/framework/src/Illuminate/Testing/TestResponseAssert.php:45
/var/www/html/vendor/laravel/framework/src/Illuminate/Testing/TestResponse.php:174
/var/www/html/tests/Feature/Auth/PasswordResetTest.php:20</failure>
        </testcase>
        <testcase name="test_reset_password_link_can_be_requested" file="/var/www/html/tests/Feature/Auth/PasswordResetTest.php" line="23" class="Tests\Feature\Auth\PasswordResetTest" classname="Tests.Feature.Auth.PasswordResetTest" assertions="1" time="0.290757"/>
        <testcase name="test_reset_password_screen_can_be_rendered" file="/var/www/html/tests/Feature/Auth/PasswordResetTest.php" line="36" class="Tests\Feature\Auth\PasswordResetTest" classname="Tests.Feature.Auth.PasswordResetTest" assertions="1" time="0.296830">
          <failure type="PHPUnit\Framework\ExpectationFailedException">Tests\Feature\Auth\PasswordResetTest::test_reset_password_screen_can_be_rendered
Expected response status code [200] but received 404.
Failed asserting that 404 is identical to 200.

/var/www/html/vendor/laravel/framework/src/Illuminate/Testing/TestResponseAssert.php:45
/var/www/html/vendor/laravel/framework/src/Illuminate/Testing/TestResponse.php:174
/var/www/html/tests/Feature/Auth/PasswordResetTest.php:49
/var/www/html/vendor/laravel/framework/src/Illuminate/Support/Testing/Fakes/NotificationFake.php:261
/var/www/html/vendor/laravel/framework/src/Illuminate/Collections/Arr.php:1240
/var/www/html/vendor/laravel/framework/src/Illuminate/Collections/Collection.php:415
/var/www/html/vendor/laravel/framework/src/Illuminate/Support/Testing/Fakes/NotificationFake.php:260
/var/www/html/vendor/laravel/framework/src/Illuminate/Support/Testing/Fakes/NotificationFake.php:90
/var/www/html/vendor/laravel/framework/src/Illuminate/Support/Facades/Facade.php:363
/var/www/html/tests/Feature/Auth/PasswordResetTest.php:46</failure>
        </testcase>
        <testcase name="test_password_can_be_reset_with_valid_token" file="/var/www/html/tests/Feature/Auth/PasswordResetTest.php" line="55" class="Tests\Feature\Auth\PasswordResetTest" classname="Tests.Feature.Auth.PasswordResetTest" assertions="4" time="0.325244"/>
      </testsuite>
      <testsuite name="Tests\Feature\Auth\RegistrationTest" file="/var/www/html/tests/Feature/Auth/RegistrationTest.php" tests="5" assertions="11" errors="0" failures="0" skipped="0" time="0.462605">
        <testcase name="test_registration_screen_can_be_rendered" file="/var/www/html/tests/Feature/Auth/RegistrationTest.php" line="13" class="Tests\Feature\Auth\RegistrationTest" classname="Tests.Feature.Auth.RegistrationTest" assertions="1" time="0.098647"/>
        <testcase name="test_registration_screen_is_redirected_when_period_is_closed" file="/var/www/html/tests/Feature/Auth/RegistrationTest.php" line="25" class="Tests\Feature\Auth\RegistrationTest" classname="Tests.Feature.Auth.RegistrationTest" assertions="2" time="0.063604"/>
        <testcase name="test_registration_button_is_hidden_on_login_page_when_period_is_closed" file="/var/www/html/tests/Feature/Auth/RegistrationTest.php" line="34" class="Tests\Feature\Auth\RegistrationTest" classname="Tests.Feature.Auth.RegistrationTest" assertions="2" time="0.085963"/>
        <testcase name="test_registration_button_is_visible_on_login_page_when_period_is_open" file="/var/www/html/tests/Feature/Auth/RegistrationTest.php" line="44" class="Tests\Feature\Auth\RegistrationTest" classname="Tests.Feature.Auth.RegistrationTest" assertions="2" time="0.087098"/>
        <testcase name="test_new_users_can_register" file="/var/www/html/tests/Feature/Auth/RegistrationTest.php" line="57" class="Tests\Feature\Auth\RegistrationTest" classname="Tests.Feature.Auth.RegistrationTest" assertions="4" time="0.127294"/>
      </testsuite>
      <testsuite name="Tests\Feature\DashboardTest" file="/var/www/html/tests/Feature/DashboardTest.php" tests="2" assertions="2" errors="0" failures="2" skipped="0" time="0.121466">
        <testcase name="test_guests_are_redirected_to_the_login_page" file="/var/www/html/tests/Feature/DashboardTest.php" line="13" class="Tests\Feature\DashboardTest" classname="Tests.Feature.DashboardTest" assertions="1" time="0.054850">
          <failure type="PHPUnit\Framework\ExpectationFailedException">Tests\Feature\DashboardTest::test_guests_are_redirected_to_the_login_page
Expected response status code [201, 301, 302, 303, 307, 308] but received 404.
Failed asserting that false is true.

/var/www/html/vendor/laravel/framework/src/Illuminate/Testing/TestResponseAssert.php:45
/var/www/html/vendor/laravel/framework/src/Illuminate/Testing/TestResponse.php:199
/var/www/html/tests/Feature/DashboardTest.php:16</failure>
        </testcase>
        <testcase name="test_authenticated_users_can_visit_the_dashboard" file="/var/www/html/tests/Feature/DashboardTest.php" line="19" class="Tests\Feature\DashboardTest" classname="Tests.Feature.DashboardTest" assertions="1" time="0.066616">
          <failure type="PHPUnit\Framework\ExpectationFailedException">Tests\Feature\DashboardTest::test_authenticated_users_can_visit_the_dashboard
Expected response status code [200] but received 404.
Failed asserting that 404 is identical to 200.

/var/www/html/vendor/laravel/framework/src/Illuminate/Testing/TestResponseAssert.php:45
/var/www/html/vendor/laravel/framework/src/Illuminate/Testing/TestResponse.php:174
/var/www/html/tests/Feature/DashboardTest.php:25</failure>
        </testcase>
      </testsuite>
      <testsuite name="Tests\Feature\ExampleTest" file="/var/www/html/tests/Feature/ExampleTest.php" tests="1" assertions="1" errors="0" failures="1" skipped="0" time="0.055611">
        <testcase name="test_returns_a_successful_response" file="/var/www/html/tests/Feature/ExampleTest.php" line="12" class="Tests\Feature\ExampleTest" classname="Tests.Feature.ExampleTest" assertions="1" time="0.055611">
          <failure type="PHPUnit\Framework\ExpectationFailedException">Tests\Feature\ExampleTest::test_returns_a_successful_response
Expected response status code [200] but received 302.
Failed asserting that 302 is identical to 200.

/var/www/html/vendor/laravel/framework/src/Illuminate/Testing/TestResponseAssert.php:45
/var/www/html/vendor/laravel/framework/src/Illuminate/Testing/TestResponse.php:174
/var/www/html/tests/Feature/ExampleTest.php:16</failure>
        </testcase>
      </testsuite>
      <testsuite name="Tests\Feature\RegistrationResourceTest" file="/var/www/html/tests/Feature/RegistrationResourceTest.php" tests="1" assertions="8" errors="0" failures="0" skipped="0" time="0.324427">
        <testcase name="test_can_create_registration_with_school_and_user_via_wizard" file="/var/www/html/tests/Feature/RegistrationResourceTest.php" line="15" class="Tests\Feature\RegistrationResourceTest" classname="Tests.Feature.RegistrationResourceTest" assertions="8" time="0.324427"/>
      </testsuite>
      <testsuite name="Tests\Feature\Settings\PasswordUpdateTest" file="/var/www/html/tests/Feature/Settings/PasswordUpdateTest.php" tests="2" assertions="5" errors="0" failures="0" skipped="0" time="0.291195">
        <testcase name="test_password_can_be_updated" file="/var/www/html/tests/Feature/Settings/PasswordUpdateTest.php" line="15" class="Tests\Feature\Settings\PasswordUpdateTest" classname="Tests.Feature.Settings.PasswordUpdateTest" assertions="2" time="0.148389"/>
        <testcase name="test_correct_password_must_be_provided_to_update_password" file="/var/www/html/tests/Feature/Settings/PasswordUpdateTest.php" line="34" class="Tests\Feature\Settings\PasswordUpdateTest" classname="Tests.Feature.Settings.PasswordUpdateTest" assertions="3" time="0.142806"/>
      </testsuite>
      <testsuite name="Tests\Feature\Settings\ProfileUpdateTest" file="/var/www/html/tests/Feature/Settings/ProfileUpdateTest.php" tests="5" assertions="16" errors="0" failures="1" skipped="0" time="0.512907">
        <testcase name="test_profile_page_is_displayed" file="/var/www/html/tests/Feature/Settings/ProfileUpdateTest.php" line="14" class="Tests\Feature\Settings\ProfileUpdateTest" classname="Tests.Feature.Settings.ProfileUpdateTest" assertions="1" time="0.064933">
          <failure type="PHPUnit\Framework\ExpectationFailedException">Tests\Feature\Settings\ProfileUpdateTest::test_profile_page_is_displayed
Expected response status code [200] but received 404.
Failed asserting that 404 is identical to 200.

/var/www/html/vendor/laravel/framework/src/Illuminate/Testing/TestResponseAssert.php:45
/var/www/html/vendor/laravel/framework/src/Illuminate/Testing/TestResponse.php:174
/var/www/html/vendor/laravel/framework/src/Illuminate/Testing/Concerns/AssertsStatusCodes.php:16
/var/www/html/tests/Feature/Settings/ProfileUpdateTest.php:18</failure>
        </testcase>
        <testcase name="test_profile_information_can_be_updated" file="/var/www/html/tests/Feature/Settings/ProfileUpdateTest.php" line="21" class="Tests\Feature\Settings\ProfileUpdateTest" classname="Tests.Feature.Settings.ProfileUpdateTest" assertions="4" time="0.124998"/>
        <testcase name="test_email_verification_status_is_unchanged_when_email_address_is_unchanged" file="/var/www/html/tests/Feature/Settings/ProfileUpdateTest.php" line="41" class="Tests\Feature\Settings\ProfileUpdateTest" classname="Tests.Feature.Settings.ProfileUpdateTest" assertions="2" time="0.124935"/>
        <testcase name="test_user_can_delete_their_account" file="/var/www/html/tests/Feature/Settings/ProfileUpdateTest.php" line="57" class="Tests\Feature\Settings\ProfileUpdateTest" classname="Tests.Feature.Settings.ProfileUpdateTest" assertions="5" time="0.101590"/>
        <testcase name="test_correct_password_must_be_provided_to_delete_account" file="/var/www/html/tests/Feature/Settings/ProfileUpdateTest.php" line="75" class="Tests\Feature\Settings\ProfileUpdateTest" classname="Tests.Feature.Settings.ProfileUpdateTest" assertions="4" time="0.096451"/>
      </testsuite>
      <testsuite name="Tests\Feature\SystemConfigurationTest" file="/var/www/html/tests/Feature/SystemConfigurationTest.php" tests="8" assertions="24" errors="0" failures="0" skipped="0" time="0.975593">
        <testcase name="test_can_create_system_configuration" file="/var/www/html/tests/Feature/SystemConfigurationTest.php" line="16" class="Tests\Feature\SystemConfigurationTest" classname="Tests.Feature.SystemConfigurationTest" assertions="3" time="0.056471"/>
        <testcase name="test_can_update_system_configuration" file="/var/www/html/tests/Feature/SystemConfigurationTest.php" line="32" class="Tests\Feature\SystemConfigurationTest" classname="Tests.Feature.SystemConfigurationTest" assertions="1" time="0.053396"/>
        <testcase name="test_registration_dates_are_cast_to_datetime" file="/var/www/html/tests/Feature/SystemConfigurationTest.php" line="49" class="Tests\Feature\SystemConfigurationTest" classname="Tests.Feature.SystemConfigurationTest" assertions="2" time="0.052598"/>
        <testcase name="test_allow_edit_after_submit_is_cast_to_boolean" file="/var/www/html/tests/Feature/SystemConfigurationTest.php" line="60" class="Tests\Feature\SystemConfigurationTest" classname="Tests.Feature.SystemConfigurationTest" assertions="2" time="0.052526"/>
        <testcase name="test_manage_page_creates_config_if_not_exists" file="/var/www/html/tests/Feature/SystemConfigurationTest.php" line="70" class="Tests\Feature\SystemConfigurationTest" classname="Tests.Feature.SystemConfigurationTest" assertions="3" time="0.130243"/>
        <testcase name="test_manage_page_loads_existing_config" file="/var/www/html/tests/Feature/SystemConfigurationTest.php" line="86" class="Tests\Feature\SystemConfigurationTest" classname="Tests.Feature.SystemConfigurationTest" assertions="3" time="0.127499"/>
        <testcase name="test_authenticated_users_can_update_system_configuration" file="/var/www/html/tests/Feature/SystemConfigurationTest.php" line="103" class="Tests\Feature\SystemConfigurationTest" classname="Tests.Feature.SystemConfigurationTest" assertions="4" time="0.261582"/>
        <testcase name="test_festival_name_is_required" file="/var/www/html/tests/Feature/SystemConfigurationTest.php" line="131" class="Tests\Feature\SystemConfigurationTest" classname="Tests.Feature.SystemConfigurationTest" assertions="6" time="0.241279"/>
      </testsuite>
    </testsuite>
  </testsuite>
</testsuites>
